// Jest Snapshot v1, https://goo.gl/fbAQLP

exports[`Products Match to snapshot 1`] = `
<div>
  <div
    class="css-1p6s0yy"
  >
    <div
      class="css-1gvp5h0"
    >
      <a
        class="chakra-link chakra-card css-c74afl"
        href="1"
      >
        <div
          class="chakra-stack css-m4lmkl"
        >
          <img
            alt="Nike React Miler"
            class="chakra-image css-8fzzwj"
            src="https://static.nike.com/a/images/t_PDP_1280_v1/f_auto,q_auto:eco/d455e5b6-23e9-4f06-8b86-32610d838937/renew-run-3-road-running-shoes-395S7c.png"
          />
          <div
            class="chakra-card__body css-nza6zc"
          >
            <div
              class="chakra-stack css-1luc48q"
            >
              <div
                class="css-0"
              >
                <h2
                  class="chakra-heading css-micy4r"
                >
                  Nike React Miler
                </h2>
                <p
                  class="chakra-text css-35izfl"
                >
                  Apple M1 Chip with 8‑Core CPU and 8‑Core GPU 512GB Storage
                </p>
                <span
                  class="chakra-badge css-18in35q"
                >
                  <div
                    class="css-1ky2ef1"
                  >
                    Only 5 left
                  </div>
                </span>
              </div>
              <div
                class="chakra-stack css-a225zj"
              >
                <p
                  class="chakra-text css-12woqih"
                >
                  $
                  1000
                </p>
                <div
                  class="chakra-stack css-1mtd368"
                >
                  <button
                    aria-label="Button add to cart"
                    class="chakra-button css-p7mkev"
                    type="button"
                  >
                    <svg
                      aria-hidden="true"
                      fill="none"
                      focusable="false"
                      height="27"
                      width="28"
                      xmlns="http://www.w3.org/2000/svg"
                    >
                      <path
                        clip-rule="evenodd"
                        d="M25.502 3.562H5.821L4.139.548A1.069 1.069 0 0 0 3.206 0H1.069a1.069 1.069 0 1 0 0 2.137h1.51l1.659 2.975 3.827 8.469.004.008.337.746-3.842 4.099a1.069 1.069 0 0 0 .658 1.793l3.503.4c4.38.5 8.804.5 13.186 0l3.502-.4a1.069 1.069 0 1 0-.242-2.124l-3.503.4c-4.22.483-8.48.483-12.7 0l-1.39-.159 2.82-3.008c.027-.03.052-.06.076-.09l1.072.14a21.81 21.81 0 0 0 4.534.114 13.237 13.237 0 0 0 9.071-4.658l.824-.976c.028-.032.053-.067.077-.103l1.535-2.34c1.088-1.657-.101-3.86-2.085-3.86Zm-14.949 9.539a.69.69 0 0 1-.538-.397l-.002-.004-3.164-7h18.653c.284 0 .454.314.298.551l-1.5 2.286-.782.926a11.1 11.1 0 0 1-7.607 3.906 19.674 19.674 0 0 1-4.089-.103l-1.269-.165Z"
                        fill="#979797"
                        fill-rule="evenodd"
                      />
                      <path
                        d="M7.48 22.442a2.137 2.137 0 1 0 0 4.275 2.137 2.137 0 0 0 0-4.275ZM21.017 24.58a2.137 2.137 0 1 1 4.275 0 2.137 2.137 0 0 1-4.275 0Z"
                        fill="#979797"
                      />
                    </svg>
                  </button>
                  <button
                    aria-label="Button add to favorite"
                    class="chakra-button css-p7mkev"
                    type="button"
                  >
                    <svg
                      aria-hidden="true"
                      fill="none"
                      focusable="false"
                      height="27"
                      width="32"
                      xmlns="http://www.w3.org/2000/svg"
                    >
                      <path
                        clip-rule="evenodd"
                        d="M0 8.9C0 3.872 4.332 0 9.417 0 12.038 0 14.345 1.252 16 2.871 17.655 1.251 19.962 0 22.583 0 27.668 0 32 3.872 32 8.9c0 3.445-1.442 6.474-3.441 9.035-1.995 2.556-4.605 4.725-7.104 6.488-.954.673-1.92 1.294-2.803 1.753-.83.43-1.784.824-2.652.824-.868 0-1.822-.394-2.652-.825-.884-.458-1.85-1.079-2.804-1.752-2.498-1.763-5.108-3.932-7.103-6.488C1.443 15.375 0 12.345 0 8.9Zm9.417-6.107c-3.802 0-6.674 2.847-6.674 6.107 0 2.614 1.09 5.047 2.845 7.297 1.76 2.254 4.127 4.243 6.519 5.93.904.638 1.757 1.181 2.486 1.56.783.406 1.236.52 1.407.52.17 0 .624-.114 1.407-.52.73-.379 1.582-.922 2.486-1.56 2.392-1.687 4.76-3.676 6.519-5.93 1.756-2.25 2.845-4.683 2.845-7.297 0-3.26-2.872-6.107-6.674-6.107-2.184 0-4.223 1.329-5.496 3.015-.26.343-.661.545-1.087.545-.426 0-.828-.202-1.087-.545C13.64 4.122 11.6 2.793 9.417 2.793Z"
                        fill="#979797"
                        fill-rule="evenodd"
                      />
                    </svg>
                  </button>
                </div>
              </div>
            </div>
          </div>
        </div>
      </a>
    </div>
    <div
      class="css-1gvp5h0"
    >
      <a
        class="chakra-link chakra-card css-c74afl"
        href="1"
      >
        <div
          class="chakra-stack css-m4lmkl"
        >
          <img
            alt="Nike React Miler"
            class="chakra-image css-8fzzwj"
            src="https://static.nike.com/a/images/t_PDP_1280_v1/f_auto,q_auto:eco/d455e5b6-23e9-4f06-8b86-32610d838937/renew-run-3-road-running-shoes-395S7c.png"
          />
          <div
            class="chakra-card__body css-nza6zc"
          >
            <div
              class="chakra-stack css-1luc48q"
            >
              <div
                class="css-0"
              >
                <h2
                  class="chakra-heading css-micy4r"
                >
                  Nike React Miler
                </h2>
                <p
                  class="chakra-text css-35izfl"
                >
                  Apple M1 Chip with 8‑Core CPU and 8‑Core GPU 512GB Storage
                </p>
                <span
                  class="chakra-badge css-18in35q"
                >
                  <div
                    class="css-1ky2ef1"
                  >
                    Only 5 left
                  </div>
                </span>
              </div>
              <div
                class="chakra-stack css-a225zj"
              >
                <p
                  class="chakra-text css-12woqih"
                >
                  $
                  1000
                </p>
                <div
                  class="chakra-stack css-1mtd368"
                >
                  <button
                    aria-label="Button add to cart"
                    class="chakra-button css-p7mkev"
                    type="button"
                  >
                    <svg
                      aria-hidden="true"
                      fill="none"
                      focusable="false"
                      height="27"
                      width="28"
                      xmlns="http://www.w3.org/2000/svg"
                    >
                      <path
                        clip-rule="evenodd"
                        d="M25.502 3.562H5.821L4.139.548A1.069 1.069 0 0 0 3.206 0H1.069a1.069 1.069 0 1 0 0 2.137h1.51l1.659 2.975 3.827 8.469.004.008.337.746-3.842 4.099a1.069 1.069 0 0 0 .658 1.793l3.503.4c4.38.5 8.804.5 13.186 0l3.502-.4a1.069 1.069 0 1 0-.242-2.124l-3.503.4c-4.22.483-8.48.483-12.7 0l-1.39-.159 2.82-3.008c.027-.03.052-.06.076-.09l1.072.14a21.81 21.81 0 0 0 4.534.114 13.237 13.237 0 0 0 9.071-4.658l.824-.976c.028-.032.053-.067.077-.103l1.535-2.34c1.088-1.657-.101-3.86-2.085-3.86Zm-14.949 9.539a.69.69 0 0 1-.538-.397l-.002-.004-3.164-7h18.653c.284 0 .454.314.298.551l-1.5 2.286-.782.926a11.1 11.1 0 0 1-7.607 3.906 19.674 19.674 0 0 1-4.089-.103l-1.269-.165Z"
                        fill="#979797"
                        fill-rule="evenodd"
                      />
                      <path
                        d="M7.48 22.442a2.137 2.137 0 1 0 0 4.275 2.137 2.137 0 0 0 0-4.275ZM21.017 24.58a2.137 2.137 0 1 1 4.275 0 2.137 2.137 0 0 1-4.275 0Z"
                        fill="#979797"
                      />
                    </svg>
                  </button>
                  <button
                    aria-label="Button add to favorite"
                    class="chakra-button css-p7mkev"
                    type="button"
                  >
                    <svg
                      aria-hidden="true"
                      fill="none"
                      focusable="false"
                      height="27"
                      width="32"
                      xmlns="http://www.w3.org/2000/svg"
                    >
                      <path
                        clip-rule="evenodd"
                        d="M0 8.9C0 3.872 4.332 0 9.417 0 12.038 0 14.345 1.252 16 2.871 17.655 1.251 19.962 0 22.583 0 27.668 0 32 3.872 32 8.9c0 3.445-1.442 6.474-3.441 9.035-1.995 2.556-4.605 4.725-7.104 6.488-.954.673-1.92 1.294-2.803 1.753-.83.43-1.784.824-2.652.824-.868 0-1.822-.394-2.652-.825-.884-.458-1.85-1.079-2.804-1.752-2.498-1.763-5.108-3.932-7.103-6.488C1.443 15.375 0 12.345 0 8.9Zm9.417-6.107c-3.802 0-6.674 2.847-6.674 6.107 0 2.614 1.09 5.047 2.845 7.297 1.76 2.254 4.127 4.243 6.519 5.93.904.638 1.757 1.181 2.486 1.56.783.406 1.236.52 1.407.52.17 0 .624-.114 1.407-.52.73-.379 1.582-.922 2.486-1.56 2.392-1.687 4.76-3.676 6.519-5.93 1.756-2.25 2.845-4.683 2.845-7.297 0-3.26-2.872-6.107-6.674-6.107-2.184 0-4.223 1.329-5.496 3.015-.26.343-.661.545-1.087.545-.426 0-.828-.202-1.087-.545C13.64 4.122 11.6 2.793 9.417 2.793Z"
                        fill="#979797"
                        fill-rule="evenodd"
                      />
                    </svg>
                  </button>
                </div>
              </div>
            </div>
          </div>
        </div>
      </a>
    </div>
    <div
      class="css-1gvp5h0"
    >
      <a
        class="chakra-link chakra-card css-c74afl"
        href="1"
      >
        <div
          class="chakra-stack css-m4lmkl"
        >
          <img
            alt="Nike React Miler"
            class="chakra-image css-8fzzwj"
            src="https://static.nike.com/a/images/t_PDP_1280_v1/f_auto,q_auto:eco/d455e5b6-23e9-4f06-8b86-32610d838937/renew-run-3-road-running-shoes-395S7c.png"
          />
          <div
            class="chakra-card__body css-nza6zc"
          >
            <div
              class="chakra-stack css-1luc48q"
            >
              <div
                class="css-0"
              >
                <h2
                  class="chakra-heading css-micy4r"
                >
                  Nike React Miler
                </h2>
                <p
                  class="chakra-text css-35izfl"
                >
                  Apple M1 Chip with 8‑Core CPU and 8‑Core GPU 512GB Storage
                </p>
                <span
                  class="chakra-badge css-18in35q"
                >
                  <div
                    class="css-1ky2ef1"
                  >
                    Only 5 left
                  </div>
                </span>
              </div>
              <div
                class="chakra-stack css-a225zj"
              >
                <p
                  class="chakra-text css-12woqih"
                >
                  $
                  1000
                </p>
                <div
                  class="chakra-stack css-1mtd368"
                >
                  <button
                    aria-label="Button add to cart"
                    class="chakra-button css-p7mkev"
                    type="button"
                  >
                    <svg
                      aria-hidden="true"
                      fill="none"
                      focusable="false"
                      height="27"
                      width="28"
                      xmlns="http://www.w3.org/2000/svg"
                    >
                      <path
                        clip-rule="evenodd"
                        d="M25.502 3.562H5.821L4.139.548A1.069 1.069 0 0 0 3.206 0H1.069a1.069 1.069 0 1 0 0 2.137h1.51l1.659 2.975 3.827 8.469.004.008.337.746-3.842 4.099a1.069 1.069 0 0 0 .658 1.793l3.503.4c4.38.5 8.804.5 13.186 0l3.502-.4a1.069 1.069 0 1 0-.242-2.124l-3.503.4c-4.22.483-8.48.483-12.7 0l-1.39-.159 2.82-3.008c.027-.03.052-.06.076-.09l1.072.14a21.81 21.81 0 0 0 4.534.114 13.237 13.237 0 0 0 9.071-4.658l.824-.976c.028-.032.053-.067.077-.103l1.535-2.34c1.088-1.657-.101-3.86-2.085-3.86Zm-14.949 9.539a.69.69 0 0 1-.538-.397l-.002-.004-3.164-7h18.653c.284 0 .454.314.298.551l-1.5 2.286-.782.926a11.1 11.1 0 0 1-7.607 3.906 19.674 19.674 0 0 1-4.089-.103l-1.269-.165Z"
                        fill="#979797"
                        fill-rule="evenodd"
                      />
                      <path
                        d="M7.48 22.442a2.137 2.137 0 1 0 0 4.275 2.137 2.137 0 0 0 0-4.275ZM21.017 24.58a2.137 2.137 0 1 1 4.275 0 2.137 2.137 0 0 1-4.275 0Z"
                        fill="#979797"
                      />
                    </svg>
                  </button>
                  <button
                    aria-label="Button add to favorite"
                    class="chakra-button css-p7mkev"
                    type="button"
                  >
                    <svg
                      aria-hidden="true"
                      fill="none"
                      focusable="false"
                      height="27"
                      width="32"
                      xmlns="http://www.w3.org/2000/svg"
                    >
                      <path
                        clip-rule="evenodd"
                        d="M0 8.9C0 3.872 4.332 0 9.417 0 12.038 0 14.345 1.252 16 2.871 17.655 1.251 19.962 0 22.583 0 27.668 0 32 3.872 32 8.9c0 3.445-1.442 6.474-3.441 9.035-1.995 2.556-4.605 4.725-7.104 6.488-.954.673-1.92 1.294-2.803 1.753-.83.43-1.784.824-2.652.824-.868 0-1.822-.394-2.652-.825-.884-.458-1.85-1.079-2.804-1.752-2.498-1.763-5.108-3.932-7.103-6.488C1.443 15.375 0 12.345 0 8.9Zm9.417-6.107c-3.802 0-6.674 2.847-6.674 6.107 0 2.614 1.09 5.047 2.845 7.297 1.76 2.254 4.127 4.243 6.519 5.93.904.638 1.757 1.181 2.486 1.56.783.406 1.236.52 1.407.52.17 0 .624-.114 1.407-.52.73-.379 1.582-.922 2.486-1.56 2.392-1.687 4.76-3.676 6.519-5.93 1.756-2.25 2.845-4.683 2.845-7.297 0-3.26-2.872-6.107-6.674-6.107-2.184 0-4.223 1.329-5.496 3.015-.26.343-.661.545-1.087.545-.426 0-.828-.202-1.087-.545C13.64 4.122 11.6 2.793 9.417 2.793Z"
                        fill="#979797"
                        fill-rule="evenodd"
                      />
                    </svg>
                  </button>
                </div>
              </div>
            </div>
          </div>
        </div>
      </a>
    </div>
    <div
      class="css-1gvp5h0"
    >
      <a
        class="chakra-link chakra-card css-c74afl"
        href="1"
      >
        <div
          class="chakra-stack css-m4lmkl"
        >
          <img
            alt="Nike React Miler"
            class="chakra-image css-8fzzwj"
            src="https://static.nike.com/a/images/t_PDP_1280_v1/f_auto,q_auto:eco/d455e5b6-23e9-4f06-8b86-32610d838937/renew-run-3-road-running-shoes-395S7c.png"
          />
          <div
            class="chakra-card__body css-nza6zc"
          >
            <div
              class="chakra-stack css-1luc48q"
            >
              <div
                class="css-0"
              >
                <h2
                  class="chakra-heading css-micy4r"
                >
                  Nike React Miler
                </h2>
                <p
                  class="chakra-text css-35izfl"
                >
                  Apple M1 Chip with 8‑Core CPU and 8‑Core GPU 512GB Storage
                </p>
                <span
                  class="chakra-badge css-18in35q"
                >
                  <div
                    class="css-1ky2ef1"
                  >
                    Only 5 left
                  </div>
                </span>
              </div>
              <div
                class="chakra-stack css-a225zj"
              >
                <p
                  class="chakra-text css-12woqih"
                >
                  $
                  1000
                </p>
                <div
                  class="chakra-stack css-1mtd368"
                >
                  <button
                    aria-label="Button add to cart"
                    class="chakra-button css-p7mkev"
                    type="button"
                  >
                    <svg
                      aria-hidden="true"
                      fill="none"
                      focusable="false"
                      height="27"
                      width="28"
                      xmlns="http://www.w3.org/2000/svg"
                    >
                      <path
                        clip-rule="evenodd"
                        d="M25.502 3.562H5.821L4.139.548A1.069 1.069 0 0 0 3.206 0H1.069a1.069 1.069 0 1 0 0 2.137h1.51l1.659 2.975 3.827 8.469.004.008.337.746-3.842 4.099a1.069 1.069 0 0 0 .658 1.793l3.503.4c4.38.5 8.804.5 13.186 0l3.502-.4a1.069 1.069 0 1 0-.242-2.124l-3.503.4c-4.22.483-8.48.483-12.7 0l-1.39-.159 2.82-3.008c.027-.03.052-.06.076-.09l1.072.14a21.81 21.81 0 0 0 4.534.114 13.237 13.237 0 0 0 9.071-4.658l.824-.976c.028-.032.053-.067.077-.103l1.535-2.34c1.088-1.657-.101-3.86-2.085-3.86Zm-14.949 9.539a.69.69 0 0 1-.538-.397l-.002-.004-3.164-7h18.653c.284 0 .454.314.298.551l-1.5 2.286-.782.926a11.1 11.1 0 0 1-7.607 3.906 19.674 19.674 0 0 1-4.089-.103l-1.269-.165Z"
                        fill="#979797"
                        fill-rule="evenodd"
                      />
                      <path
                        d="M7.48 22.442a2.137 2.137 0 1 0 0 4.275 2.137 2.137 0 0 0 0-4.275ZM21.017 24.58a2.137 2.137 0 1 1 4.275 0 2.137 2.137 0 0 1-4.275 0Z"
                        fill="#979797"
                      />
                    </svg>
                  </button>
                  <button
                    aria-label="Button add to favorite"
                    class="chakra-button css-p7mkev"
                    type="button"
                  >
                    <svg
                      aria-hidden="true"
                      fill="none"
                      focusable="false"
                      height="27"
                      width="32"
                      xmlns="http://www.w3.org/2000/svg"
                    >
                      <path
                        clip-rule="evenodd"
                        d="M0 8.9C0 3.872 4.332 0 9.417 0 12.038 0 14.345 1.252 16 2.871 17.655 1.251 19.962 0 22.583 0 27.668 0 32 3.872 32 8.9c0 3.445-1.442 6.474-3.441 9.035-1.995 2.556-4.605 4.725-7.104 6.488-.954.673-1.92 1.294-2.803 1.753-.83.43-1.784.824-2.652.824-.868 0-1.822-.394-2.652-.825-.884-.458-1.85-1.079-2.804-1.752-2.498-1.763-5.108-3.932-7.103-6.488C1.443 15.375 0 12.345 0 8.9Zm9.417-6.107c-3.802 0-6.674 2.847-6.674 6.107 0 2.614 1.09 5.047 2.845 7.297 1.76 2.254 4.127 4.243 6.519 5.93.904.638 1.757 1.181 2.486 1.56.783.406 1.236.52 1.407.52.17 0 .624-.114 1.407-.52.73-.379 1.582-.922 2.486-1.56 2.392-1.687 4.76-3.676 6.519-5.93 1.756-2.25 2.845-4.683 2.845-7.297 0-3.26-2.872-6.107-6.674-6.107-2.184 0-4.223 1.329-5.496 3.015-.26.343-.661.545-1.087.545-.426 0-.828-.202-1.087-.545C13.64 4.122 11.6 2.793 9.417 2.793Z"
                        fill="#979797"
                        fill-rule="evenodd"
                      />
                    </svg>
                  </button>
                </div>
              </div>
            </div>
          </div>
        </div>
      </a>
    </div>
    <div
      class="css-1gvp5h0"
    >
      <a
        class="chakra-link chakra-card css-c74afl"
        href="1"
      >
        <div
          class="chakra-stack css-m4lmkl"
        >
          <img
            alt="Nike React Miler"
            class="chakra-image css-8fzzwj"
            src="https://static.nike.com/a/images/t_PDP_1280_v1/f_auto,q_auto:eco/d455e5b6-23e9-4f06-8b86-32610d838937/renew-run-3-road-running-shoes-395S7c.png"
          />
          <div
            class="chakra-card__body css-nza6zc"
          >
            <div
              class="chakra-stack css-1luc48q"
            >
              <div
                class="css-0"
              >
                <h2
                  class="chakra-heading css-micy4r"
                >
                  Nike React Miler
                </h2>
                <p
                  class="chakra-text css-35izfl"
                >
                  Apple M1 Chip with 8‑Core CPU and 8‑Core GPU 512GB Storage
                </p>
                <span
                  class="chakra-badge css-18in35q"
                >
                  <div
                    class="css-1ky2ef1"
                  >
                    Only 5 left
                  </div>
                </span>
              </div>
              <div
                class="chakra-stack css-a225zj"
              >
                <p
                  class="chakra-text css-12woqih"
                >
                  $
                  1000
                </p>
                <div
                  class="chakra-stack css-1mtd368"
                >
                  <button
                    aria-label="Button add to cart"
                    class="chakra-button css-p7mkev"
                    type="button"
                  >
                    <svg
                      aria-hidden="true"
                      fill="none"
                      focusable="false"
                      height="27"
                      width="28"
                      xmlns="http://www.w3.org/2000/svg"
                    >
                      <path
                        clip-rule="evenodd"
                        d="M25.502 3.562H5.821L4.139.548A1.069 1.069 0 0 0 3.206 0H1.069a1.069 1.069 0 1 0 0 2.137h1.51l1.659 2.975 3.827 8.469.004.008.337.746-3.842 4.099a1.069 1.069 0 0 0 .658 1.793l3.503.4c4.38.5 8.804.5 13.186 0l3.502-.4a1.069 1.069 0 1 0-.242-2.124l-3.503.4c-4.22.483-8.48.483-12.7 0l-1.39-.159 2.82-3.008c.027-.03.052-.06.076-.09l1.072.14a21.81 21.81 0 0 0 4.534.114 13.237 13.237 0 0 0 9.071-4.658l.824-.976c.028-.032.053-.067.077-.103l1.535-2.34c1.088-1.657-.101-3.86-2.085-3.86Zm-14.949 9.539a.69.69 0 0 1-.538-.397l-.002-.004-3.164-7h18.653c.284 0 .454.314.298.551l-1.5 2.286-.782.926a11.1 11.1 0 0 1-7.607 3.906 19.674 19.674 0 0 1-4.089-.103l-1.269-.165Z"
                        fill="#979797"
                        fill-rule="evenodd"
                      />
                      <path
                        d="M7.48 22.442a2.137 2.137 0 1 0 0 4.275 2.137 2.137 0 0 0 0-4.275ZM21.017 24.58a2.137 2.137 0 1 1 4.275 0 2.137 2.137 0 0 1-4.275 0Z"
                        fill="#979797"
                      />
                    </svg>
                  </button>
                  <button
                    aria-label="Button add to favorite"
                    class="chakra-button css-p7mkev"
                    type="button"
                  >
                    <svg
                      aria-hidden="true"
                      fill="none"
                      focusable="false"
                      height="27"
                      width="32"
                      xmlns="http://www.w3.org/2000/svg"
                    >
                      <path
                        clip-rule="evenodd"
                        d="M0 8.9C0 3.872 4.332 0 9.417 0 12.038 0 14.345 1.252 16 2.871 17.655 1.251 19.962 0 22.583 0 27.668 0 32 3.872 32 8.9c0 3.445-1.442 6.474-3.441 9.035-1.995 2.556-4.605 4.725-7.104 6.488-.954.673-1.92 1.294-2.803 1.753-.83.43-1.784.824-2.652.824-.868 0-1.822-.394-2.652-.825-.884-.458-1.85-1.079-2.804-1.752-2.498-1.763-5.108-3.932-7.103-6.488C1.443 15.375 0 12.345 0 8.9Zm9.417-6.107c-3.802 0-6.674 2.847-6.674 6.107 0 2.614 1.09 5.047 2.845 7.297 1.76 2.254 4.127 4.243 6.519 5.93.904.638 1.757 1.181 2.486 1.56.783.406 1.236.52 1.407.52.17 0 .624-.114 1.407-.52.73-.379 1.582-.922 2.486-1.56 2.392-1.687 4.76-3.676 6.519-5.93 1.756-2.25 2.845-4.683 2.845-7.297 0-3.26-2.872-6.107-6.674-6.107-2.184 0-4.223 1.329-5.496 3.015-.26.343-.661.545-1.087.545-.426 0-.828-.202-1.087-.545C13.64 4.122 11.6 2.793 9.417 2.793Z"
                        fill="#979797"
                        fill-rule="evenodd"
                      />
                    </svg>
                  </button>
                </div>
              </div>
            </div>
          </div>
        </div>
      </a>
    </div>
    <div
      class="css-1gvp5h0"
    >
      <a
        class="chakra-link chakra-card css-c74afl"
        href="1"
      >
        <div
          class="chakra-stack css-m4lmkl"
        >
          <img
            alt="Nike React Miler"
            class="chakra-image css-8fzzwj"
            src="https://static.nike.com/a/images/t_PDP_1280_v1/f_auto,q_auto:eco/d455e5b6-23e9-4f06-8b86-32610d838937/renew-run-3-road-running-shoes-395S7c.png"
          />
          <div
            class="chakra-card__body css-nza6zc"
          >
            <div
              class="chakra-stack css-1luc48q"
            >
              <div
                class="css-0"
              >
                <h2
                  class="chakra-heading css-micy4r"
                >
                  Nike React Miler
                </h2>
                <p
                  class="chakra-text css-35izfl"
                >
                  Apple M1 Chip with 8‑Core CPU and 8‑Core GPU 512GB Storage
                </p>
                <span
                  class="chakra-badge css-18in35q"
                >
                  <div
                    class="css-1ky2ef1"
                  >
                    Only 5 left
                  </div>
                </span>
              </div>
              <div
                class="chakra-stack css-a225zj"
              >
                <p
                  class="chakra-text css-12woqih"
                >
                  $
                  1000
                </p>
                <div
                  class="chakra-stack css-1mtd368"
                >
                  <button
                    aria-label="Button add to cart"
                    class="chakra-button css-p7mkev"
                    type="button"
                  >
                    <svg
                      aria-hidden="true"
                      fill="none"
                      focusable="false"
                      height="27"
                      width="28"
                      xmlns="http://www.w3.org/2000/svg"
                    >
                      <path
                        clip-rule="evenodd"
                        d="M25.502 3.562H5.821L4.139.548A1.069 1.069 0 0 0 3.206 0H1.069a1.069 1.069 0 1 0 0 2.137h1.51l1.659 2.975 3.827 8.469.004.008.337.746-3.842 4.099a1.069 1.069 0 0 0 .658 1.793l3.503.4c4.38.5 8.804.5 13.186 0l3.502-.4a1.069 1.069 0 1 0-.242-2.124l-3.503.4c-4.22.483-8.48.483-12.7 0l-1.39-.159 2.82-3.008c.027-.03.052-.06.076-.09l1.072.14a21.81 21.81 0 0 0 4.534.114 13.237 13.237 0 0 0 9.071-4.658l.824-.976c.028-.032.053-.067.077-.103l1.535-2.34c1.088-1.657-.101-3.86-2.085-3.86Zm-14.949 9.539a.69.69 0 0 1-.538-.397l-.002-.004-3.164-7h18.653c.284 0 .454.314.298.551l-1.5 2.286-.782.926a11.1 11.1 0 0 1-7.607 3.906 19.674 19.674 0 0 1-4.089-.103l-1.269-.165Z"
                        fill="#979797"
                        fill-rule="evenodd"
                      />
                      <path
                        d="M7.48 22.442a2.137 2.137 0 1 0 0 4.275 2.137 2.137 0 0 0 0-4.275ZM21.017 24.58a2.137 2.137 0 1 1 4.275 0 2.137 2.137 0 0 1-4.275 0Z"
                        fill="#979797"
                      />
                    </svg>
                  </button>
                  <button
                    aria-label="Button add to favorite"
                    class="chakra-button css-p7mkev"
                    type="button"
                  >
                    <svg
                      aria-hidden="true"
                      fill="none"
                      focusable="false"
                      height="27"
                      width="32"
                      xmlns="http://www.w3.org/2000/svg"
                    >
                      <path
                        clip-rule="evenodd"
                        d="M0 8.9C0 3.872 4.332 0 9.417 0 12.038 0 14.345 1.252 16 2.871 17.655 1.251 19.962 0 22.583 0 27.668 0 32 3.872 32 8.9c0 3.445-1.442 6.474-3.441 9.035-1.995 2.556-4.605 4.725-7.104 6.488-.954.673-1.92 1.294-2.803 1.753-.83.43-1.784.824-2.652.824-.868 0-1.822-.394-2.652-.825-.884-.458-1.85-1.079-2.804-1.752-2.498-1.763-5.108-3.932-7.103-6.488C1.443 15.375 0 12.345 0 8.9Zm9.417-6.107c-3.802 0-6.674 2.847-6.674 6.107 0 2.614 1.09 5.047 2.845 7.297 1.76 2.254 4.127 4.243 6.519 5.93.904.638 1.757 1.181 2.486 1.56.783.406 1.236.52 1.407.52.17 0 .624-.114 1.407-.52.73-.379 1.582-.922 2.486-1.56 2.392-1.687 4.76-3.676 6.519-5.93 1.756-2.25 2.845-4.683 2.845-7.297 0-3.26-2.872-6.107-6.674-6.107-2.184 0-4.223 1.329-5.496 3.015-.26.343-.661.545-1.087.545-.426 0-.828-.202-1.087-.545C13.64 4.122 11.6 2.793 9.417 2.793Z"
                        fill="#979797"
                        fill-rule="evenodd"
                      />
                    </svg>
                  </button>
                </div>
              </div>
            </div>
          </div>
        </div>
      </a>
    </div>
    <div
      class="css-1gvp5h0"
    >
      <a
        class="chakra-link chakra-card css-c74afl"
        href="1"
      >
        <div
          class="chakra-stack css-m4lmkl"
        >
          <img
            alt="Nike React Miler"
            class="chakra-image css-8fzzwj"
            src="https://static.nike.com/a/images/t_PDP_1280_v1/f_auto,q_auto:eco/d455e5b6-23e9-4f06-8b86-32610d838937/renew-run-3-road-running-shoes-395S7c.png"
          />
          <div
            class="chakra-card__body css-nza6zc"
          >
            <div
              class="chakra-stack css-1luc48q"
            >
              <div
                class="css-0"
              >
                <h2
                  class="chakra-heading css-micy4r"
                >
                  Nike React Miler
                </h2>
                <p
                  class="chakra-text css-35izfl"
                >
                  Apple M1 Chip with 8‑Core CPU and 8‑Core GPU 512GB Storage
                </p>
                <span
                  class="chakra-badge css-18in35q"
                >
                  <div
                    class="css-1ky2ef1"
                  >
                    Only 5 left
                  </div>
                </span>
              </div>
              <div
                class="chakra-stack css-a225zj"
              >
                <p
                  class="chakra-text css-12woqih"
                >
                  $
                  1000
                </p>
                <div
                  class="chakra-stack css-1mtd368"
                >
                  <button
                    aria-label="Button add to cart"
                    class="chakra-button css-p7mkev"
                    type="button"
                  >
                    <svg
                      aria-hidden="true"
                      fill="none"
                      focusable="false"
                      height="27"
                      width="28"
                      xmlns="http://www.w3.org/2000/svg"
                    >
                      <path
                        clip-rule="evenodd"
                        d="M25.502 3.562H5.821L4.139.548A1.069 1.069 0 0 0 3.206 0H1.069a1.069 1.069 0 1 0 0 2.137h1.51l1.659 2.975 3.827 8.469.004.008.337.746-3.842 4.099a1.069 1.069 0 0 0 .658 1.793l3.503.4c4.38.5 8.804.5 13.186 0l3.502-.4a1.069 1.069 0 1 0-.242-2.124l-3.503.4c-4.22.483-8.48.483-12.7 0l-1.39-.159 2.82-3.008c.027-.03.052-.06.076-.09l1.072.14a21.81 21.81 0 0 0 4.534.114 13.237 13.237 0 0 0 9.071-4.658l.824-.976c.028-.032.053-.067.077-.103l1.535-2.34c1.088-1.657-.101-3.86-2.085-3.86Zm-14.949 9.539a.69.69 0 0 1-.538-.397l-.002-.004-3.164-7h18.653c.284 0 .454.314.298.551l-1.5 2.286-.782.926a11.1 11.1 0 0 1-7.607 3.906 19.674 19.674 0 0 1-4.089-.103l-1.269-.165Z"
                        fill="#979797"
                        fill-rule="evenodd"
                      />
                      <path
                        d="M7.48 22.442a2.137 2.137 0 1 0 0 4.275 2.137 2.137 0 0 0 0-4.275ZM21.017 24.58a2.137 2.137 0 1 1 4.275 0 2.137 2.137 0 0 1-4.275 0Z"
                        fill="#979797"
                      />
                    </svg>
                  </button>
                  <button
                    aria-label="Button add to favorite"
                    class="chakra-button css-p7mkev"
                    type="button"
                  >
                    <svg
                      aria-hidden="true"
                      fill="none"
                      focusable="false"
                      height="27"
                      width="32"
                      xmlns="http://www.w3.org/2000/svg"
                    >
                      <path
                        clip-rule="evenodd"
                        d="M0 8.9C0 3.872 4.332 0 9.417 0 12.038 0 14.345 1.252 16 2.871 17.655 1.251 19.962 0 22.583 0 27.668 0 32 3.872 32 8.9c0 3.445-1.442 6.474-3.441 9.035-1.995 2.556-4.605 4.725-7.104 6.488-.954.673-1.92 1.294-2.803 1.753-.83.43-1.784.824-2.652.824-.868 0-1.822-.394-2.652-.825-.884-.458-1.85-1.079-2.804-1.752-2.498-1.763-5.108-3.932-7.103-6.488C1.443 15.375 0 12.345 0 8.9Zm9.417-6.107c-3.802 0-6.674 2.847-6.674 6.107 0 2.614 1.09 5.047 2.845 7.297 1.76 2.254 4.127 4.243 6.519 5.93.904.638 1.757 1.181 2.486 1.56.783.406 1.236.52 1.407.52.17 0 .624-.114 1.407-.52.73-.379 1.582-.922 2.486-1.56 2.392-1.687 4.76-3.676 6.519-5.93 1.756-2.25 2.845-4.683 2.845-7.297 0-3.26-2.872-6.107-6.674-6.107-2.184 0-4.223 1.329-5.496 3.015-.26.343-.661.545-1.087.545-.426 0-.828-.202-1.087-.545C13.64 4.122 11.6 2.793 9.417 2.793Z"
                        fill="#979797"
                        fill-rule="evenodd"
                      />
                    </svg>
                  </button>
                </div>
              </div>
            </div>
          </div>
        </div>
      </a>
    </div>
    <div
      class="css-1gvp5h0"
    >
      <a
        class="chakra-link chakra-card css-c74afl"
        href="1"
      >
        <div
          class="chakra-stack css-m4lmkl"
        >
          <img
            alt="Nike React Miler"
            class="chakra-image css-8fzzwj"
            src="https://static.nike.com/a/images/t_PDP_1280_v1/f_auto,q_auto:eco/d455e5b6-23e9-4f06-8b86-32610d838937/renew-run-3-road-running-shoes-395S7c.png"
          />
          <div
            class="chakra-card__body css-nza6zc"
          >
            <div
              class="chakra-stack css-1luc48q"
            >
              <div
                class="css-0"
              >
                <h2
                  class="chakra-heading css-micy4r"
                >
                  Nike React Miler
                </h2>
                <p
                  class="chakra-text css-35izfl"
                >
                  Apple M1 Chip with 8‑Core CPU and 8‑Core GPU 512GB Storage
                </p>
                <span
                  class="chakra-badge css-18in35q"
                >
                  <div
                    class="css-1ky2ef1"
                  >
                    Only 5 left
                  </div>
                </span>
              </div>
              <div
                class="chakra-stack css-a225zj"
              >
                <p
                  class="chakra-text css-12woqih"
                >
                  $
                  1000
                </p>
                <div
                  class="chakra-stack css-1mtd368"
                >
                  <button
                    aria-label="Button add to cart"
                    class="chakra-button css-p7mkev"
                    type="button"
                  >
                    <svg
                      aria-hidden="true"
                      fill="none"
                      focusable="false"
                      height="27"
                      width="28"
                      xmlns="http://www.w3.org/2000/svg"
                    >
                      <path
                        clip-rule="evenodd"
                        d="M25.502 3.562H5.821L4.139.548A1.069 1.069 0 0 0 3.206 0H1.069a1.069 1.069 0 1 0 0 2.137h1.51l1.659 2.975 3.827 8.469.004.008.337.746-3.842 4.099a1.069 1.069 0 0 0 .658 1.793l3.503.4c4.38.5 8.804.5 13.186 0l3.502-.4a1.069 1.069 0 1 0-.242-2.124l-3.503.4c-4.22.483-8.48.483-12.7 0l-1.39-.159 2.82-3.008c.027-.03.052-.06.076-.09l1.072.14a21.81 21.81 0 0 0 4.534.114 13.237 13.237 0 0 0 9.071-4.658l.824-.976c.028-.032.053-.067.077-.103l1.535-2.34c1.088-1.657-.101-3.86-2.085-3.86Zm-14.949 9.539a.69.69 0 0 1-.538-.397l-.002-.004-3.164-7h18.653c.284 0 .454.314.298.551l-1.5 2.286-.782.926a11.1 11.1 0 0 1-7.607 3.906 19.674 19.674 0 0 1-4.089-.103l-1.269-.165Z"
                        fill="#979797"
                        fill-rule="evenodd"
                      />
                      <path
                        d="M7.48 22.442a2.137 2.137 0 1 0 0 4.275 2.137 2.137 0 0 0 0-4.275ZM21.017 24.58a2.137 2.137 0 1 1 4.275 0 2.137 2.137 0 0 1-4.275 0Z"
                        fill="#979797"
                      />
                    </svg>
                  </button>
                  <button
                    aria-label="Button add to favorite"
                    class="chakra-button css-p7mkev"
                    type="button"
                  >
                    <svg
                      aria-hidden="true"
                      fill="none"
                      focusable="false"
                      height="27"
                      width="32"
                      xmlns="http://www.w3.org/2000/svg"
                    >
                      <path
                        clip-rule="evenodd"
                        d="M0 8.9C0 3.872 4.332 0 9.417 0 12.038 0 14.345 1.252 16 2.871 17.655 1.251 19.962 0 22.583 0 27.668 0 32 3.872 32 8.9c0 3.445-1.442 6.474-3.441 9.035-1.995 2.556-4.605 4.725-7.104 6.488-.954.673-1.92 1.294-2.803 1.753-.83.43-1.784.824-2.652.824-.868 0-1.822-.394-2.652-.825-.884-.458-1.85-1.079-2.804-1.752-2.498-1.763-5.108-3.932-7.103-6.488C1.443 15.375 0 12.345 0 8.9Zm9.417-6.107c-3.802 0-6.674 2.847-6.674 6.107 0 2.614 1.09 5.047 2.845 7.297 1.76 2.254 4.127 4.243 6.519 5.93.904.638 1.757 1.181 2.486 1.56.783.406 1.236.52 1.407.52.17 0 .624-.114 1.407-.52.73-.379 1.582-.922 2.486-1.56 2.392-1.687 4.76-3.676 6.519-5.93 1.756-2.25 2.845-4.683 2.845-7.297 0-3.26-2.872-6.107-6.674-6.107-2.184 0-4.223 1.329-5.496 3.015-.26.343-.661.545-1.087.545-.426 0-.828-.202-1.087-.545C13.64 4.122 11.6 2.793 9.417 2.793Z"
                        fill="#979797"
                        fill-rule="evenodd"
                      />
                    </svg>
                  </button>
                </div>
              </div>
            </div>
          </div>
        </div>
      </a>
    </div>
    <div
      class="css-1gvp5h0"
    >
      <a
        class="chakra-link chakra-card css-c74afl"
        href="1"
      >
        <div
          class="chakra-stack css-m4lmkl"
        >
          <img
            alt="Nike React Miler"
            class="chakra-image css-8fzzwj"
            src="https://static.nike.com/a/images/t_PDP_1280_v1/f_auto,q_auto:eco/d455e5b6-23e9-4f06-8b86-32610d838937/renew-run-3-road-running-shoes-395S7c.png"
          />
          <div
            class="chakra-card__body css-nza6zc"
          >
            <div
              class="chakra-stack css-1luc48q"
            >
              <div
                class="css-0"
              >
                <h2
                  class="chakra-heading css-micy4r"
                >
                  Nike React Miler
                </h2>
                <p
                  class="chakra-text css-35izfl"
                >
                  Apple M1 Chip with 8‑Core CPU and 8‑Core GPU 512GB Storage
                </p>
                <span
                  class="chakra-badge css-18in35q"
                >
                  <div
                    class="css-1ky2ef1"
                  >
                    Only 5 left
                  </div>
                </span>
              </div>
              <div
                class="chakra-stack css-a225zj"
              >
                <p
                  class="chakra-text css-12woqih"
                >
                  $
                  1000
                </p>
                <div
                  class="chakra-stack css-1mtd368"
                >
                  <button
                    aria-label="Button add to cart"
                    class="chakra-button css-p7mkev"
                    type="button"
                  >
                    <svg
                      aria-hidden="true"
                      fill="none"
                      focusable="false"
                      height="27"
                      width="28"
                      xmlns="http://www.w3.org/2000/svg"
                    >
                      <path
                        clip-rule="evenodd"
                        d="M25.502 3.562H5.821L4.139.548A1.069 1.069 0 0 0 3.206 0H1.069a1.069 1.069 0 1 0 0 2.137h1.51l1.659 2.975 3.827 8.469.004.008.337.746-3.842 4.099a1.069 1.069 0 0 0 .658 1.793l3.503.4c4.38.5 8.804.5 13.186 0l3.502-.4a1.069 1.069 0 1 0-.242-2.124l-3.503.4c-4.22.483-8.48.483-12.7 0l-1.39-.159 2.82-3.008c.027-.03.052-.06.076-.09l1.072.14a21.81 21.81 0 0 0 4.534.114 13.237 13.237 0 0 0 9.071-4.658l.824-.976c.028-.032.053-.067.077-.103l1.535-2.34c1.088-1.657-.101-3.86-2.085-3.86Zm-14.949 9.539a.69.69 0 0 1-.538-.397l-.002-.004-3.164-7h18.653c.284 0 .454.314.298.551l-1.5 2.286-.782.926a11.1 11.1 0 0 1-7.607 3.906 19.674 19.674 0 0 1-4.089-.103l-1.269-.165Z"
                        fill="#979797"
                        fill-rule="evenodd"
                      />
                      <path
                        d="M7.48 22.442a2.137 2.137 0 1 0 0 4.275 2.137 2.137 0 0 0 0-4.275ZM21.017 24.58a2.137 2.137 0 1 1 4.275 0 2.137 2.137 0 0 1-4.275 0Z"
                        fill="#979797"
                      />
                    </svg>
                  </button>
                  <button
                    aria-label="Button add to favorite"
                    class="chakra-button css-p7mkev"
                    type="button"
                  >
                    <svg
                      aria-hidden="true"
                      fill="none"
                      focusable="false"
                      height="27"
                      width="32"
                      xmlns="http://www.w3.org/2000/svg"
                    >
                      <path
                        clip-rule="evenodd"
                        d="M0 8.9C0 3.872 4.332 0 9.417 0 12.038 0 14.345 1.252 16 2.871 17.655 1.251 19.962 0 22.583 0 27.668 0 32 3.872 32 8.9c0 3.445-1.442 6.474-3.441 9.035-1.995 2.556-4.605 4.725-7.104 6.488-.954.673-1.92 1.294-2.803 1.753-.83.43-1.784.824-2.652.824-.868 0-1.822-.394-2.652-.825-.884-.458-1.85-1.079-2.804-1.752-2.498-1.763-5.108-3.932-7.103-6.488C1.443 15.375 0 12.345 0 8.9Zm9.417-6.107c-3.802 0-6.674 2.847-6.674 6.107 0 2.614 1.09 5.047 2.845 7.297 1.76 2.254 4.127 4.243 6.519 5.93.904.638 1.757 1.181 2.486 1.56.783.406 1.236.52 1.407.52.17 0 .624-.114 1.407-.52.73-.379 1.582-.922 2.486-1.56 2.392-1.687 4.76-3.676 6.519-5.93 1.756-2.25 2.845-4.683 2.845-7.297 0-3.26-2.872-6.107-6.674-6.107-2.184 0-4.223 1.329-5.496 3.015-.26.343-.661.545-1.087.545-.426 0-.828-.202-1.087-.545C13.64 4.122 11.6 2.793 9.417 2.793Z"
                        fill="#979797"
                        fill-rule="evenodd"
                      />
                    </svg>
                  </button>
                </div>
              </div>
            </div>
          </div>
        </div>
      </a>
    </div>
    <div
      class="css-1gvp5h0"
    >
      <a
        class="chakra-link chakra-card css-c74afl"
        href="1"
      >
        <div
          class="chakra-stack css-m4lmkl"
        >
          <img
            alt="Nike React Miler"
            class="chakra-image css-8fzzwj"
            src="https://static.nike.com/a/images/t_PDP_1280_v1/f_auto,q_auto:eco/d455e5b6-23e9-4f06-8b86-32610d838937/renew-run-3-road-running-shoes-395S7c.png"
          />
          <div
            class="chakra-card__body css-nza6zc"
          >
            <div
              class="chakra-stack css-1luc48q"
            >
              <div
                class="css-0"
              >
                <h2
                  class="chakra-heading css-micy4r"
                >
                  Nike React Miler
                </h2>
                <p
                  class="chakra-text css-35izfl"
                >
                  Apple M1 Chip with 8‑Core CPU and 8‑Core GPU 512GB Storage
                </p>
                <span
                  class="chakra-badge css-18in35q"
                >
                  <div
                    class="css-1ky2ef1"
                  >
                    Only 5 left
                  </div>
                </span>
              </div>
              <div
                class="chakra-stack css-a225zj"
              >
                <p
                  class="chakra-text css-12woqih"
                >
                  $
                  1000
                </p>
                <div
                  class="chakra-stack css-1mtd368"
                >
                  <button
                    aria-label="Button add to cart"
                    class="chakra-button css-p7mkev"
                    type="button"
                  >
                    <svg
                      aria-hidden="true"
                      fill="none"
                      focusable="false"
                      height="27"
                      width="28"
                      xmlns="http://www.w3.org/2000/svg"
                    >
                      <path
                        clip-rule="evenodd"
                        d="M25.502 3.562H5.821L4.139.548A1.069 1.069 0 0 0 3.206 0H1.069a1.069 1.069 0 1 0 0 2.137h1.51l1.659 2.975 3.827 8.469.004.008.337.746-3.842 4.099a1.069 1.069 0 0 0 .658 1.793l3.503.4c4.38.5 8.804.5 13.186 0l3.502-.4a1.069 1.069 0 1 0-.242-2.124l-3.503.4c-4.22.483-8.48.483-12.7 0l-1.39-.159 2.82-3.008c.027-.03.052-.06.076-.09l1.072.14a21.81 21.81 0 0 0 4.534.114 13.237 13.237 0 0 0 9.071-4.658l.824-.976c.028-.032.053-.067.077-.103l1.535-2.34c1.088-1.657-.101-3.86-2.085-3.86Zm-14.949 9.539a.69.69 0 0 1-.538-.397l-.002-.004-3.164-7h18.653c.284 0 .454.314.298.551l-1.5 2.286-.782.926a11.1 11.1 0 0 1-7.607 3.906 19.674 19.674 0 0 1-4.089-.103l-1.269-.165Z"
                        fill="#979797"
                        fill-rule="evenodd"
                      />
                      <path
                        d="M7.48 22.442a2.137 2.137 0 1 0 0 4.275 2.137 2.137 0 0 0 0-4.275ZM21.017 24.58a2.137 2.137 0 1 1 4.275 0 2.137 2.137 0 0 1-4.275 0Z"
                        fill="#979797"
                      />
                    </svg>
                  </button>
                  <button
                    aria-label="Button add to favorite"
                    class="chakra-button css-p7mkev"
                    type="button"
                  >
                    <svg
                      aria-hidden="true"
                      fill="none"
                      focusable="false"
                      height="27"
                      width="32"
                      xmlns="http://www.w3.org/2000/svg"
                    >
                      <path
                        clip-rule="evenodd"
                        d="M0 8.9C0 3.872 4.332 0 9.417 0 12.038 0 14.345 1.252 16 2.871 17.655 1.251 19.962 0 22.583 0 27.668 0 32 3.872 32 8.9c0 3.445-1.442 6.474-3.441 9.035-1.995 2.556-4.605 4.725-7.104 6.488-.954.673-1.92 1.294-2.803 1.753-.83.43-1.784.824-2.652.824-.868 0-1.822-.394-2.652-.825-.884-.458-1.85-1.079-2.804-1.752-2.498-1.763-5.108-3.932-7.103-6.488C1.443 15.375 0 12.345 0 8.9Zm9.417-6.107c-3.802 0-6.674 2.847-6.674 6.107 0 2.614 1.09 5.047 2.845 7.297 1.76 2.254 4.127 4.243 6.519 5.93.904.638 1.757 1.181 2.486 1.56.783.406 1.236.52 1.407.52.17 0 .624-.114 1.407-.52.73-.379 1.582-.922 2.486-1.56 2.392-1.687 4.76-3.676 6.519-5.93 1.756-2.25 2.845-4.683 2.845-7.297 0-3.26-2.872-6.107-6.674-6.107-2.184 0-4.223 1.329-5.496 3.015-.26.343-.661.545-1.087.545-.426 0-.828-.202-1.087-.545C13.64 4.122 11.6 2.793 9.417 2.793Z"
                        fill="#979797"
                        fill-rule="evenodd"
                      />
                    </svg>
                  </button>
                </div>
              </div>
            </div>
          </div>
        </div>
      </a>
    </div>
  </div>
</div>
`;
