// Jest Snapshot v1, https://goo.gl/fbAQLP

exports[`CartOutline Match to snapshot 1`] = `
<div>
  <svg
    fill="none"
    height="24"
    width="24"
    xmlns="http://www.w3.org/2000/svg"
  >
    <path
      d="m18 0-3 3 6 6 3-3-6-6Zm-6 6L0 18v6h6l12-12-6-6Z"
      fill="#fff"
    />
  </svg>
</div>
`;
